
Allocating common symbols
Common symbol       size              file

cpu_ms_loopcnt      0x4               standby_clock.o
pm_info             0x10              standby.o

Memory Configuration

Name             Origin             Length             Attributes
*default*        0x00000000         0xffffffff

Linker script and memory map

                0x00000000                __standby_start = .

.text           0xf0000000     0x1dec
 standby.o(.text)
 .text          0xf0000000      0x350 standby.o
                0xf0000000                main
 *(.text)
 .text          0xf0000350       0x3c common.o
                0xf0000350                standby_memcpy
                0xf0000378                standby_mdelay
 .text          0xf000038c      0x124 stack.o
                0xf000038c                save_sp
                0xf0000398                restore_sp
                0xf00003a0                standby_flush_tlb
                0xf00003b0                standby_preload_tlb
 .text          0xf00004b0      0x444 standby_clock.o
                0xf00004b0                standby_clk_init
                0xf0000544                standby_clk_exit
                0xf0000590                standby_clk_core2losc
                0xf00005c0                standby_clk_core2hosc
                0xf00005f4                standby_clk_core2pll
                0xf0000628                standby_clk_plldisable
                0xf0000690                standby_clk_pllenable
                0xf00006f8                standby_clk_hoscdisable
                0xf0000718                standby_clk_hoscenable
                0xf0000738                standby_clk_ldodisable
                0xf0000780                standby_clk_ldoenable
                0xf00007c8                standby_clk_setdiv
                0xf0000828                standby_clk_getdiv
                0xf0000880                standby_clk_dramgating
                0xf00008b0                standby_clk_apb2losc
                0xf00008d4                standby_clk_apb2hosc
 .text          0xf00008f4      0x3ac dram/dram.o
                0xf00008f4                mctl_precharge_all
                0xf0000920                mctl_mode_exit
                0xf000094c                DRAMC_enter_power_down
                0xf0000978                DRAMC_exit_power_down
                0xf000097c                DRAMC_hostport_on_off
                0xf00009a4                DRAMC_exit_selfrefresh
                0xf0000a08                DRAMC_enter_selfrefresh
                0xf0000a68                DRAMC_hostport_check_ahb_fifo_status
                0xf0000a88                DRAMC_hostport_setup
                0xf0000ad0                mctl_ahb_reset
                0xf0000b00                DRAMC_retraining
                0xf0000c28                dram_power_save_process
                0xf0000c44                dram_power_up_process
                0xf0000c84                dram_enter_selfrefresh
                0xf0000c88                dram_exit_selfrefresh
                0xf0000c8c                dram_enter_power_down
                0xf0000c90                dram_exit_power_down
                0xf0000c94                dram_hostport_on_off
                0xf0000c98                dram_hostport_check_ahb_fifo_status
                0xf0000c9c                dram_hostport_setup
 .text          0xf0000ca0      0x690 dram/dram_init.o
                0xf0000ca0                mctl_ddr3_reset
                0xf0000d0c                mctl_set_drive
                0xf0000d2c                mctl_itm_disable
                0xf0000d44                mctl_itm_enable
                0xf0000d5c                mctl_enable_dll0
                0xf0000db0                mctl_enable_dllx
                0xf0000e54                mctl_disable_dll
                0xf0000eb0                mctl_configure_hostport
                0xf0000ee4                mctl_setup_dram_clock
                0xf0001004                DRAMC_exit
                0xf000100c                DRAMC_scan_readpipe
                0xf0001040                DRAMC_clock_output_en
                0xf0001060                DRAMC_set_autorefresh_cycle
                0xf00010bc                DRAMC_get_dram_size
                0xf0001130                DRAMC_init
                0xf000130c                dram_init
                0xf0001314                dram_exit
                0xf000131c                dram_get_size
                0xf0001320                dram_set_clock
                0xf0001324                dram_set_drive
                0xf0001328                dram_set_autorefresh_cycle
                0xf000132c                dram_scan_readpipe
 .text          0xf0001330      0x168 standby_int.o
                0xf0001330                standby_int_init
                0xf00013c4                standby_int_exit
                0xf0001420                standby_enable_int
                0xf0001468                standby_query_int
 .text          0xf0001498       0x20 standby_ir.o
                0xf0001498                standby_ir_init
                0xf00014a0                standby_ir_exit
                0xf00014a8                standby_ir_detect
                0xf00014b0                standby_ir_verify
 .text          0xf00014b8       0xa0 standby_key.o
                0xf00014b8                standby_key_init
                0xf0001510                standby_key_exit
                0xf0001530                standby_query_key
 .text          0xf0001558      0x340 standby_power.o
                0xf00015ec                standby_power_init
                0xf0001684                standby_power_exit
                0xf00016fc                standby_set_voltage
                0xf0001824                standby_get_voltage
 .text          0xf0001898      0x1f0 standby_tmr.o
                0xf0001898                standby_tmr_init
                0xf0001920                standby_tmr_exit
                0xf000196c                standby_tmr_set
                0xf00019bc                standby_tmr_enable_watchdog
                0xf00019e0                standby_tmr_disable_watchdog
                0xf0001a08                standby_tmr_query
                0xf0001a38                standby_tmr_mdlay
 .text          0xf0001a88      0x338 standby_twi.o
                0xf0001a88                standby_twi_init
                0xf0001ad0                standby_twi_exit
                0xf0001b18                twi_byte_rw
 .text          0xf0001dc0       0x20 standby_usb.o
                0xf0001dc0                standby_usb_init
                0xf0001dc8                standby_usb_exit
                0xf0001dd0                standby_is_usb_status_change
                0xf0001dd8                standby_query_usb_event
 .text          0xf0001de0        0xc standby_delay.o
                0xf0001de0                standby_delay

.glue_7         0xf0001dec        0x0
 .glue_7        0x00000000        0x0 linker stubs

.glue_7t        0xf0001dec        0x0
 .glue_7t       0x00000000        0x0 linker stubs

.vfp11_veneer   0xf0001dec        0x0
 .vfp11_veneer  0x00000000        0x0 linker stubs

.v4_bx          0xf0001dec        0x0
 .v4_bx         0x00000000        0x0 linker stubs

.rodata         0xf0001dec       0x4c
 *(.rodata)
 .rodata        0xf0001dec       0x40 standby_power.o
 .rodata        0xf0001e2c        0xc standby_twi.o

.data           0xf0001e38      0x128
 *(.data)
 .data          0xf0001e38        0x0 standby.o
 .data          0xf0001e38        0x0 common.o
 .data          0xf0001e38        0x0 stack.o
 .data          0xf0001e38        0x0 standby_clock.o
 .data          0xf0001e38        0x0 dram/dram.o
 .data          0xf0001e38       0x80 dram/dram_init.o
                0xf0001e38                hpcr_value
 .data          0xf0001eb8        0x0 standby_int.o
 .data          0xf0001eb8        0x0 standby_ir.o
 .data          0xf0001eb8        0x0 standby_key.o
 .data          0xf0001eb8       0xa8 standby_power.o
 .data          0xf0001f60        0x0 standby_tmr.o
 .data          0xf0001f60        0x0 standby_twi.o
 .data          0xf0001f60        0x0 standby_usb.o
 .data          0xf0001f60        0x0 standby_delay.o
                0xf0001f60                __bss_start = .

.bss            0xf0001f60       0xe8
 *(.sbss)
 *(.scommon)
 *(.bss)
 .bss           0xf0001f60       0x54 standby.o
 .bss           0xf0001fb4        0x0 common.o
 .bss           0xf0001fb4        0x0 stack.o
 .bss           0xf0001fb4       0x20 standby_clock.o
 .bss           0xf0001fd4        0x0 dram/dram.o
 .bss           0xf0001fd4        0x0 dram/dram_init.o
 .bss           0xf0001fd4       0x28 standby_int.o
 .bss           0xf0001ffc        0x0 standby_ir.o
 .bss           0xf0001ffc        0xc standby_key.o
 .bss           0xf0002008        0x0 standby_power.o
 .bss           0xf0002008       0x20 standby_tmr.o
 .bss           0xf0002028        0xc standby_twi.o
 .bss           0xf0002034        0x0 standby_usb.o
 .bss           0xf0002034        0x0 standby_delay.o
 *(COMMON)
 COMMON         0xf0002034       0x10 standby.o
                0xf0002034                pm_info
 COMMON         0xf0002044        0x4 standby_clock.o
                0xf0002044                cpu_ms_loopcnt
                0xf0002048                __bss_end = .
                0xf0002048                __standby_end = .
LOAD common.o
LOAD standby.o
LOAD stack.o
LOAD standby_clock.o
LOAD dram/dram.o
LOAD dram/dram_init.o
LOAD standby_int.o
LOAD standby_ir.o
LOAD standby_key.o
LOAD standby_power.o
LOAD standby_tmr.o
LOAD standby_twi.o
LOAD standby_usb.o
LOAD standby_delay.o
OUTPUT(standby.elf elf32-littlearm)

.debug_abbrev   0x00000000      0xea0
 .debug_abbrev  0x00000000      0x157 standby.o
 .debug_abbrev  0x00000157       0x9c common.o
 .debug_abbrev  0x000001f3       0x14 stack.o
 .debug_abbrev  0x00000207      0x179 standby_clock.o
 .debug_abbrev  0x00000380      0x225 dram/dram.o
 .debug_abbrev  0x000005a5      0x23a dram/dram_init.o
 .debug_abbrev  0x000007df      0x105 standby_int.o
 .debug_abbrev  0x000008e4       0x4e standby_ir.o
 .debug_abbrev  0x00000932       0xaf standby_key.o
 .debug_abbrev  0x000009e1      0x182 standby_power.o
 .debug_abbrev  0x00000b63      0x134 standby_tmr.o
 .debug_abbrev  0x00000c97      0x17f standby_twi.o
 .debug_abbrev  0x00000e16       0x76 standby_usb.o
 .debug_abbrev  0x00000e8c       0x14 standby_delay.o

.debug_info     0x00000000     0x4696
 .debug_info    0x00000000      0x387 standby.o
 .debug_info    0x00000387      0x11b common.o
 .debug_info    0x000004a2       0x77 stack.o
 .debug_info    0x00000519     0x2320 standby_clock.o
 .debug_info    0x00002839      0x53f dram/dram.o
 .debug_info    0x00002d78      0x654 dram/dram_init.o
 .debug_info    0x000033cc      0x35a standby_int.o
 .debug_info    0x00003726       0xc9 standby_ir.o
 .debug_info    0x000037ef      0x17a standby_key.o
 .debug_info    0x00003969      0x3ce standby_power.o
 .debug_info    0x00003d37      0x538 standby_tmr.o
 .debug_info    0x0000426f      0x2c0 standby_twi.o
 .debug_info    0x0000452f       0xe8 standby_usb.o
 .debug_info    0x00004617       0x7f standby_delay.o

.debug_line     0x00000000      0xc92
 .debug_line    0x00000000      0x159 standby.o
 .debug_line    0x00000159       0x72 common.o
 .debug_line    0x000001cb       0x6e stack.o
 .debug_line    0x00000239      0x167 standby_clock.o
 .debug_line    0x000003a0      0x16f dram/dram.o
 .debug_line    0x0000050f      0x293 dram/dram_init.o
 .debug_line    0x000007a2       0xa3 standby_int.o
 .debug_line    0x00000845       0x55 standby_ir.o
 .debug_line    0x0000089a       0x7b standby_key.o
 .debug_line    0x00000915      0x121 standby_power.o
 .debug_line    0x00000a36       0xca standby_tmr.o
 .debug_line    0x00000b00       0xfd standby_twi.o
 .debug_line    0x00000bfd       0x56 standby_usb.o
 .debug_line    0x00000c53       0x3f standby_delay.o

.debug_loc      0x00000000     0x153d
 .debug_loc     0x00000000       0x5c standby.o
 .debug_loc     0x0000005c       0x95 common.o
 .debug_loc     0x000000f1       0x3c standby_clock.o
 .debug_loc     0x0000012d      0x44a dram/dram.o
 .debug_loc     0x00000577      0x766 dram/dram_init.o
 .debug_loc     0x00000cdd       0xeb standby_int.o
 .debug_loc     0x00000dc8       0x20 standby_key.o
 .debug_loc     0x00000de8      0x41f standby_power.o
 .debug_loc     0x00001207       0x96 standby_tmr.o
 .debug_loc     0x0000129d      0x28d standby_twi.o
 .debug_loc     0x0000152a       0x13 standby_usb.o

.debug_pubnames
                0x00000000      0x945
 .debug_pubnames
                0x00000000       0x27 standby.o
 .debug_pubnames
                0x00000027       0x38 common.o
 .debug_pubnames
                0x0000005f      0x1b8 standby_clock.o
 .debug_pubnames
                0x00000217      0x223 dram/dram.o
 .debug_pubnames
                0x0000043a      0x1f8 dram/dram_init.o
 .debug_pubnames
                0x00000632       0x69 standby_int.o
 .debug_pubnames
                0x0000069b       0x66 standby_ir.o
 .debug_pubnames
                0x00000701       0x52 standby_key.o
 .debug_pubnames
                0x00000753       0x70 standby_power.o
 .debug_pubnames
                0x000007c3       0xbd standby_tmr.o
 .debug_pubnames
                0x00000880       0x4c standby_twi.o
 .debug_pubnames
                0x000008cc       0x79 standby_usb.o

.debug_pubtypes
                0x00000000      0xcce
 .debug_pubtypes
                0x00000000       0x8e standby.o
 .debug_pubtypes
                0x0000008e       0x1c common.o
 .debug_pubtypes
                0x000000aa      0x994 standby_clock.o
 .debug_pubtypes
                0x00000a3e       0x26 dram/dram.o
 .debug_pubtypes
                0x00000a64       0x52 dram/dram_init.o
 .debug_pubtypes
                0x00000ab6       0x53 standby_int.o
 .debug_pubtypes
                0x00000b09       0x1c standby_ir.o
 .debug_pubtypes
                0x00000b25       0x54 standby_key.o
 .debug_pubtypes
                0x00000b79       0x63 standby_power.o
 .debug_pubtypes
                0x00000bdc       0x69 standby_tmr.o
 .debug_pubtypes
                0x00000c45       0x63 standby_twi.o
 .debug_pubtypes
                0x00000ca8       0x26 standby_usb.o

.debug_aranges  0x00000000      0x1c0
 .debug_aranges
                0x00000000       0x20 standby.o
 .debug_aranges
                0x00000020       0x20 common.o
 .debug_aranges
                0x00000040       0x20 stack.o
 .debug_aranges
                0x00000060       0x20 standby_clock.o
 .debug_aranges
                0x00000080       0x20 dram/dram.o
 .debug_aranges
                0x000000a0       0x20 dram/dram_init.o
 .debug_aranges
                0x000000c0       0x20 standby_int.o
 .debug_aranges
                0x000000e0       0x20 standby_ir.o
 .debug_aranges
                0x00000100       0x20 standby_key.o
 .debug_aranges
                0x00000120       0x20 standby_power.o
 .debug_aranges
                0x00000140       0x20 standby_tmr.o
 .debug_aranges
                0x00000160       0x20 standby_twi.o
 .debug_aranges
                0x00000180       0x20 standby_usb.o
 .debug_aranges
                0x000001a0       0x20 standby_delay.o

.debug_str      0x00000000     0x2013
 .debug_str     0x00000000      0x35f standby.o
                                0x3b0 (size before relaxing)
 .debug_str     0x0000035f       0x4b common.o
                                0x111 (size before relaxing)
 .debug_str     0x000003aa     0x105b standby_clock.o
                               0x119d (size before relaxing)
 .debug_str     0x00001405      0x27a dram/dram.o
                                0x39f (size before relaxing)
 .debug_str     0x0000167f      0x28d dram/dram_init.o
                                0x3dc (size before relaxing)
 .debug_str     0x0000190c      0x111 standby_int.o
                                0x30f (size before relaxing)
 .debug_str     0x00001a1d       0x51 standby_ir.o
                                0x112 (size before relaxing)
 .debug_str     0x00001a6e       0xd2 standby_key.o
                                0x199 (size before relaxing)
 .debug_str     0x00001b40      0x103 standby_power.o
                                0x288 (size before relaxing)
 .debug_str     0x00001c43      0x24f standby_tmr.o
                                0x389 (size before relaxing)
 .debug_str     0x00001e92      0x11c standby_twi.o
                                0x215 (size before relaxing)
 .debug_str     0x00001fae       0x65 standby_usb.o
                                0x131 (size before relaxing)

.comment        0x00000000       0x2a
 .comment       0x00000000       0x2a standby.o
                                 0x2b (size before relaxing)
 .comment       0x00000000       0x2b common.o
 .comment       0x00000000       0x2b standby_clock.o
 .comment       0x00000000       0x2b dram/dram.o
 .comment       0x00000000       0x2b dram/dram_init.o
 .comment       0x00000000       0x2b standby_int.o
 .comment       0x00000000       0x2b standby_ir.o
 .comment       0x00000000       0x2b standby_key.o
 .comment       0x00000000       0x2b standby_power.o
 .comment       0x00000000       0x2b standby_tmr.o
 .comment       0x00000000       0x2b standby_twi.o
 .comment       0x00000000       0x2b standby_usb.o

.note.GNU-stack
                0x00000000        0x0
 .note.GNU-stack
                0x00000000        0x0 standby.o
 .note.GNU-stack
                0x00000000        0x0 common.o
 .note.GNU-stack
                0x00000000        0x0 standby_clock.o
 .note.GNU-stack
                0x00000000        0x0 dram/dram.o
 .note.GNU-stack
                0x00000000        0x0 dram/dram_init.o
 .note.GNU-stack
                0x00000000        0x0 standby_int.o
 .note.GNU-stack
                0x00000000        0x0 standby_ir.o
 .note.GNU-stack
                0x00000000        0x0 standby_key.o
 .note.GNU-stack
                0x00000000        0x0 standby_power.o
 .note.GNU-stack
                0x00000000        0x0 standby_tmr.o
 .note.GNU-stack
                0x00000000        0x0 standby_twi.o
 .note.GNU-stack
                0x00000000        0x0 standby_usb.o

.ARM.attributes
                0x00000000       0x2d
 .ARM.attributes
                0x00000000       0x2f standby.o
 .ARM.attributes
                0x0000002f       0x2f common.o
 .ARM.attributes
                0x0000005e       0x1f stack.o
 .ARM.attributes
                0x0000007d       0x2f standby_clock.o
 .ARM.attributes
                0x000000ac       0x2f dram/dram.o
 .ARM.attributes
                0x000000db       0x2f dram/dram_init.o
 .ARM.attributes
                0x0000010a       0x2f standby_int.o
 .ARM.attributes
                0x00000139       0x2f standby_ir.o
 .ARM.attributes
                0x00000168       0x2f standby_key.o
 .ARM.attributes
                0x00000197       0x2f standby_power.o
 .ARM.attributes
                0x000001c6       0x2f standby_tmr.o
 .ARM.attributes
                0x000001f5       0x2f standby_twi.o
 .ARM.attributes
                0x00000224       0x2f standby_usb.o
 .ARM.attributes
                0x00000253       0x1f standby_delay.o

.debug_frame    0x00000000      0x788
 .debug_frame   0x00000000       0x30 standby.o
 .debug_frame   0x00000030       0x30 common.o
 .debug_frame   0x00000060      0x110 standby_clock.o
 .debug_frame   0x00000170      0x19c dram/dram.o
 .debug_frame   0x0000030c      0x1a4 dram/dram_init.o
 .debug_frame   0x000004b0       0x58 standby_int.o
 .debug_frame   0x00000508       0x50 standby_ir.o
 .debug_frame   0x00000558       0x4c standby_key.o
 .debug_frame   0x000005a4       0xac standby_power.o
 .debug_frame   0x00000650       0x94 standby_tmr.o
 .debug_frame   0x000006e4       0x54 standby_twi.o
 .debug_frame   0x00000738       0x50 standby_usb.o
